[2026-04-25 18:23:50] local.ERROR: filemtime(): stat failed for D:\Work\htdocs\htdocs\Clairty\.env {"exception":"[object] (ErrorException(code: 0): filemtime(): stat failed for D:\\Work\\htdocs\\htdocs\\Clairty\\.env at D:/Work/htdocs/htdocs/Clairty/vendor/laravel/framework/src/Illuminate/Foundation/Console/ServeCommand.php:102)
[stacktrace]
#0 D:/Work/htdocs/htdocs/Clairty/vendor/laravel/framework/src/Illuminate/Foundation/Bootstrap/HandleExceptions.php(255): Illuminate/Foundation/Bootstrap/HandleExceptions->handleError(2, 'filemtime(): st...', 'D://Work//htdocs//...', 102)
#1 [internal function]: Illuminate/Foundation/Bootstrap/HandleExceptions->Illuminate/Foundation/Bootstrap/{closure}(2, 'filemtime(): st...', 'D://Work//htdocs//...', 102)
#2 D:/Work/htdocs/htdocs/Clairty/vendor/laravel/framework/src/Illuminate/Foundation/Console/ServeCommand.php(102): filemtime('D://Work//htdocs//...')
#3 D:/Work/htdocs/htdocs/Clairty/vendor/laravel/framework/src/Illuminate/Container/BoundMethod.php(36): Illuminate/Foundation/Console/ServeCommand->handle()
#4 D:/Work/htdocs/htdocs/Clairty/vendor/laravel/framework/src/Illuminate/Container/Util.php(41): Illuminate/Container/BoundMethod::Illuminate/Container/{closure}()
#5 D:/Work/htdocs/htdocs/Clairty/vendor/laravel/framework/src/Illuminate/Container/BoundMethod.php(93): Illuminate/Container/Util::unwrapIfClosure(Object(Closure))
#6 D:/Work/htdocs/htdocs/Clairty/vendor/laravel/framework/src/Illuminate/Container/BoundMethod.php(35): Illuminate/Container/BoundMethod::callBoundMethod(Object(Illuminate/Foundation/Application), Array, Object(Closure))
#7 D:/Work/htdocs/htdocs/Clairty/vendor/laravel/framework/src/Illuminate/Container/Container.php(662): Illuminate/Container/BoundMethod::call(Object(Illuminate/Foundation/Application), Array, Array, NULL)
#8 D:/Work/htdocs/htdocs/Clairty/vendor/laravel/framework/src/Illuminate/Console/Command.php(211): Illuminate/Container/Container->call(Array)
#9 D:/Work/htdocs/htdocs/Clairty/vendor/symfony/console/Command/Command.php(326): Illuminate/Console/Command->execute(Object(Symfony/Component/Console/Input/ArgvInput), Object(Illuminate/Console/OutputStyle))
#10 D:/Work/htdocs/htdocs/Clairty/vendor/laravel/framework/src/Illuminate/Console/Command.php(180): Symfony/Component/Console/Command/Command->run(Object(Symfony/Component/Console/Input/ArgvInput), Object(Illuminate/Console/OutputStyle))
#11 D:/Work/htdocs/htdocs/Clairty/vendor/symfony/console/Application.php(1121): Illuminate/Console/Command->run(Object(Symfony/Component/Console/Input/ArgvInput), Object(Symfony/Component/Console/Output/ConsoleOutput))
#12 D:/Work/htdocs/htdocs/Clairty/vendor/symfony/console/Application.php(324): Symfony/Component/Console/Application->doRunCommand(Object(Illuminate/Foundation/Console/ServeCommand), Object(Symfony/Component/Console/Input/ArgvInput), Object(Symfony/Component/Console/Output/ConsoleOutput))
#13 D:/Work/htdocs/htdocs/Clairty/vendor/symfony/console/Application.php(175): Symfony/Component/Console/Application->doRun(Object(Symfony/Component/Console/Input/ArgvInput), Object(Symfony/Component/Console/Output/ConsoleOutput))
#14 D:/Work/htdocs/htdocs/Clairty/vendor/laravel/framework/src/Illuminate/Foundation/Console/Kernel.php(201): Symfony/Component/Console/Application->run(Object(Symfony/Component/Console/Input/ArgvInput), Object(Symfony/Component/Console/Output/ConsoleOutput))
#15 D:/Work/htdocs/htdocs/Clairty/artisan(35): Illuminate/Foundation/Console/Kernel->handle(Object(Symfony/Component/Console/Input/ArgvInput), Object(Symfony/Component/Console/Output/ConsoleOutput))
#16 {main}
"} 
[2026-04-25 18:23:50] local.ERROR: filemtime(): stat failed for D:\Work\htdocs\htdocs\Clairty\.env {"exception":"[object] (ErrorException(code: 0): filemtime(): stat failed for D:\\Work\\htdocs\\htdocs\\Clairty\\.env at D:/Work/htdocs/htdocs/Clairty/vendor/laravel/framework/src/Illuminate/Foundation/Console/ServeCommand.php:102)
[stacktrace]
#0 D:/Work/htdocs/htdocs/Clairty/vendor/laravel/framework/src/Illuminate/Foundation/Bootstrap/HandleExceptions.php(255): Illuminate/Foundation/Bootstrap/HandleExceptions->handleError(2, 'filemtime(): st...', 'D://Work//htdocs//...', 102)
#1 [internal function]: Illuminate/Foundation/Bootstrap/HandleExceptions->Illuminate/Foundation/Bootstrap/{closure}(2, 'filemtime(): st...', 'D://Work//htdocs//...', 102)
#2 D:/Work/htdocs/htdocs/Clairty/vendor/laravel/framework/src/Illuminate/Foundation/Console/ServeCommand.php(102): filemtime('D://Work//htdocs//...')
#3 D:/Work/htdocs/htdocs/Clairty/vendor/laravel/framework/src/Illuminate/Container/BoundMethod.php(36): Illuminate/Foundation/Console/ServeCommand->handle()
#4 D:/Work/htdocs/htdocs/Clairty/vendor/laravel/framework/src/Illuminate/Container/Util.php(41): Illuminate/Container/BoundMethod::Illuminate/Container/{closure}()
#5 D:/Work/htdocs/htdocs/Clairty/vendor/laravel/framework/src/Illuminate/Container/BoundMethod.php(93): Illuminate/Container/Util::unwrapIfClosure(Object(Closure))
#6 D:/Work/htdocs/htdocs/Clairty/vendor/laravel/framework/src/Illuminate/Container/BoundMethod.php(35): Illuminate/Container/BoundMethod::callBoundMethod(Object(Illuminate/Foundation/Application), Array, Object(Closure))
#7 D:/Work/htdocs/htdocs/Clairty/vendor/laravel/framework/src/Illuminate/Container/Container.php(662): Illuminate/Container/BoundMethod::call(Object(Illuminate/Foundation/Application), Array, Array, NULL)
#8 D:/Work/htdocs/htdocs/Clairty/vendor/laravel/framework/src/Illuminate/Console/Command.php(211): Illuminate/Container/Container->call(Array)
#9 D:/Work/htdocs/htdocs/Clairty/vendor/symfony/console/Command/Command.php(326): Illuminate/Console/Command->execute(Object(Symfony/Component/Console/Input/ArgvInput), Object(Illuminate/Console/OutputStyle))
#10 D:/Work/htdocs/htdocs/Clairty/vendor/laravel/framework/src/Illuminate/Console/Command.php(180): Symfony/Component/Console/Command/Command->run(Object(Symfony/Component/Console/Input/ArgvInput), Object(Illuminate/Console/OutputStyle))
#11 D:/Work/htdocs/htdocs/Clairty/vendor/symfony/console/Application.php(1121): Illuminate/Console/Command->run(Object(Symfony/Component/Console/Input/ArgvInput), Object(Symfony/Component/Console/Output/ConsoleOutput))
#12 D:/Work/htdocs/htdocs/Clairty/vendor/symfony/console/Application.php(324): Symfony/Component/Console/Application->doRunCommand(Object(Illuminate/Foundation/Console/ServeCommand), Object(Symfony/Component/Console/Input/ArgvInput), Object(Symfony/Component/Console/Output/ConsoleOutput))
#13 D:/Work/htdocs/htdocs/Clairty/vendor/symfony/console/Application.php(175): Symfony/Component/Console/Application->doRun(Object(Symfony/Component/Console/Input/ArgvInput), Object(Symfony/Component/Console/Output/ConsoleOutput))
#14 D:/Work/htdocs/htdocs/Clairty/vendor/laravel/framework/src/Illuminate/Foundation/Console/Kernel.php(201): Symfony/Component/Console/Application->run(Object(Symfony/Component/Console/Input/ArgvInput), Object(Symfony/Component/Console/Output/ConsoleOutput))
#15 D:/Work/htdocs/htdocs/Clairty/artisan(35): Illuminate/Foundation/Console/Kernel->handle(Object(Symfony/Component/Console/Input/ArgvInput), Object(Symfony/Component/Console/Output/ConsoleOutput))
#16 {main}
"} 
